[2021-01-22T17:52:43.443+0600][0.009s] Heap region size: 1M
[2021-01-22T17:52:43.698+0600][0.264s] Using G1
[2021-01-22T17:52:43.698+0600][0.264s] Heap address: 0x00000007e0000000, size: 512 MB, Compressed Oops mode: Zero based, Oop shift amount: 3
[2021-01-22T17:52:44.728+0600][1.293s] GC(0) Pause Young (Normal) (G1 Evacuation Pause)
[2021-01-22T17:52:44.728+0600][1.294s] GC(0) Using 4 workers of 4 for evacuation
[2021-01-22T17:52:44.732+0600][1.297s] GC(0)   Pre Evacuate Collection Set: 0.0ms
[2021-01-22T17:52:44.732+0600][1.297s] GC(0)   Evacuate Collection Set: 2.5ms
[2021-01-22T17:52:44.732+0600][1.297s] GC(0)   Post Evacuate Collection Set: 0.6ms
[2021-01-22T17:52:44.732+0600][1.297s] GC(0)   Other: 0.4ms
[2021-01-22T17:52:44.732+0600][1.297s] GC(0) Eden regions: 25->0(304)
[2021-01-22T17:52:44.732+0600][1.297s] GC(0) Survivor regions: 0->3(4)
[2021-01-22T17:52:44.732+0600][1.297s] GC(0) Old regions: 0->0
[2021-01-22T17:52:44.732+0600][1.297s] GC(0) Humongous regions: 0->0
[2021-01-22T17:52:44.732+0600][1.297s] GC(0) Metaspace: 12114K->12114K(1060864K)
[2021-01-22T17:52:44.732+0600][1.297s] GC(0) Pause Young (Normal) (G1 Evacuation Pause) 25M->2M(512M) 3.713ms
[2021-01-22T17:52:44.732+0600][1.297s] GC(0) User=0.01s Sys=0.00s Real=0.01s
[2021-01-22T17:52:45.796+0600][2.362s] GC(1) Pause Young (Concurrent Start) (Metadata GC Threshold)
[2021-01-22T17:52:45.796+0600][2.362s] GC(1) Using 4 workers of 4 for evacuation
[2021-01-22T17:52:45.809+0600][2.374s] GC(1)   Pre Evacuate Collection Set: 0.0ms
[2021-01-22T17:52:45.809+0600][2.374s] GC(1)   Evacuate Collection Set: 12.2ms
[2021-01-22T17:52:45.809+0600][2.374s] GC(1)   Post Evacuate Collection Set: 0.3ms
[2021-01-22T17:52:45.809+0600][2.374s] GC(1)   Other: 0.2ms
[2021-01-22T17:52:45.809+0600][2.374s] GC(1) Eden regions: 44->0(48)
[2021-01-22T17:52:45.809+0600][2.374s] GC(1) Survivor regions: 3->12(39)
[2021-01-22T17:52:45.809+0600][2.374s] GC(1) Old regions: 0->0
[2021-01-22T17:52:45.809+0600][2.374s] GC(1) Humongous regions: 4->4
[2021-01-22T17:52:45.809+0600][2.374s] GC(1) Metaspace: 20545K->20545K(1069056K)
[2021-01-22T17:52:45.809+0600][2.374s] GC(1) Pause Young (Concurrent Start) (Metadata GC Threshold) 50M->15M(512M) 12.873ms
[2021-01-22T17:52:45.809+0600][2.374s] GC(1) User=0.04s Sys=0.00s Real=0.01s
[2021-01-22T17:52:45.809+0600][2.374s] GC(2) Concurrent Cycle
[2021-01-22T17:52:45.809+0600][2.374s] GC(2) Concurrent Clear Claimed Marks
[2021-01-22T17:52:45.809+0600][2.375s] GC(2) Concurrent Clear Claimed Marks 0.023ms
[2021-01-22T17:52:45.809+0600][2.375s] GC(2) Concurrent Scan Root Regions
[2021-01-22T17:52:45.818+0600][2.384s] GC(2) Concurrent Scan Root Regions 9.010ms
[2021-01-22T17:52:45.818+0600][2.384s] GC(2) Concurrent Mark (2.384s)
[2021-01-22T17:52:45.818+0600][2.384s] GC(2) Concurrent Mark From Roots
[2021-01-22T17:52:45.818+0600][2.384s] GC(2) Using 1 workers of 1 for marking
[2021-01-22T17:52:45.821+0600][2.387s] GC(2) Concurrent Mark From Roots 2.930ms
[2021-01-22T17:52:45.821+0600][2.387s] GC(2) Concurrent Preclean
[2021-01-22T17:52:45.821+0600][2.387s] GC(2) Concurrent Preclean 0.032ms
[2021-01-22T17:52:45.821+0600][2.387s] GC(2) Concurrent Mark (2.384s, 2.387s) 3.034ms
[2021-01-22T17:52:45.821+0600][2.387s] GC(2) Pause Remark
[2021-01-22T17:52:45.823+0600][2.389s] GC(2) Cleaned string and symbol table, strings: 10087 processed, 0 removed, symbols: 67623 processed, 16 removed
[2021-01-22T17:52:45.823+0600][2.389s] GC(2) Pause Remark 16M->16M(512M) 1.898ms
[2021-01-22T17:52:45.823+0600][2.389s] GC(2) User=0.00s Sys=0.00s Real=0.00s
[2021-01-22T17:52:45.823+0600][2.389s] GC(2) Concurrent Rebuild Remembered Sets
[2021-01-22T17:52:45.826+0600][2.391s] GC(2) Concurrent Rebuild Remembered Sets 2.565ms
[2021-01-22T17:52:45.826+0600][2.391s] GC(2) Pause Cleanup
[2021-01-22T17:52:45.826+0600][2.391s] GC(2) Pause Cleanup 16M->16M(512M) 0.098ms
[2021-01-22T17:52:45.826+0600][2.392s] GC(2) User=0.00s Sys=0.00s Real=0.00s
[2021-01-22T17:52:45.826+0600][2.392s] GC(2) Concurrent Cleanup for Next Mark
[2021-01-22T17:52:45.827+0600][2.393s] GC(2) Concurrent Cleanup for Next Mark 1.066ms
[2021-01-22T17:52:45.827+0600][2.393s] GC(2) Concurrent Cycle 18.255ms
[2021-01-22T17:52:46.597+0600][3.162s] GC(3) Pause Young (Normal) (G1 Evacuation Pause)
[2021-01-22T17:52:46.597+0600][3.162s] GC(3) Using 4 workers of 4 for evacuation
[2021-01-22T17:52:46.611+0600][3.176s] GC(3)   Pre Evacuate Collection Set: 0.0ms
[2021-01-22T17:52:46.611+0600][3.176s] GC(3)   Evacuate Collection Set: 13.5ms
[2021-01-22T17:52:46.611+0600][3.176s] GC(3)   Post Evacuate Collection Set: 0.4ms
[2021-01-22T17:52:46.611+0600][3.176s] GC(3)   Other: 0.1ms
[2021-01-22T17:52:46.611+0600][3.176s] GC(3) Eden regions: 44->0(52)
[2021-01-22T17:52:46.611+0600][3.176s] GC(3) Survivor regions: 12->7(7)
[2021-01-22T17:52:46.611+0600][3.176s] GC(3) Old regions: 0->13
[2021-01-22T17:52:46.611+0600][3.176s] GC(3) Humongous regions: 4->4
[2021-01-22T17:52:46.611+0600][3.176s] GC(3) Metaspace: 26351K->26351K(1073152K)
[2021-01-22T17:52:46.611+0600][3.176s] GC(3) Pause Young (Normal) (G1 Evacuation Pause) 59M->23M(512M) 14.069ms
[2021-01-22T17:52:46.611+0600][3.176s] GC(3) User=0.06s Sys=0.00s Real=0.02s
[2021-01-22T17:52:47.439+0600][4.005s] GC(4) Pause Young (Normal) (G1 Evacuation Pause)
[2021-01-22T17:52:47.440+0600][4.005s] GC(4) Using 4 workers of 4 for evacuation
[2021-01-22T17:52:47.442+0600][4.008s] GC(4)   Pre Evacuate Collection Set: 0.0ms
[2021-01-22T17:52:47.442+0600][4.008s] GC(4)   Evacuate Collection Set: 2.7ms
[2021-01-22T17:52:47.443+0600][4.008s] GC(4)   Post Evacuate Collection Set: 0.2ms
[2021-01-22T17:52:47.443+0600][4.008s] GC(4)   Other: 0.1ms
[2021-01-22T17:52:47.443+0600][4.008s] GC(4) Eden regions: 52->0(76)
[2021-01-22T17:52:47.443+0600][4.008s] GC(4) Survivor regions: 7->1(8)
[2021-01-22T17:52:47.443+0600][4.008s] GC(4) Old regions: 13->20
[2021-01-22T17:52:47.443+0600][4.008s] GC(4) Humongous regions: 4->4
[2021-01-22T17:52:47.443+0600][4.008s] GC(4) Metaspace: 32430K->32430K(1079296K)
[2021-01-22T17:52:47.443+0600][4.008s] GC(4) Pause Young (Normal) (G1 Evacuation Pause) 75M->24M(512M) 3.128ms
[2021-01-22T17:52:47.443+0600][4.008s] GC(4) User=0.01s Sys=0.01s Real=0.01s
[2021-01-22T17:52:47.695+0600][4.260s] GC(5) Pause Young (Concurrent Start) (Metadata GC Threshold)
[2021-01-22T17:52:47.695+0600][4.260s] GC(5) Using 4 workers of 4 for evacuation
[2021-01-22T17:52:47.697+0600][4.263s] GC(5)   Pre Evacuate Collection Set: 0.0ms
[2021-01-22T17:52:47.697+0600][4.263s] GC(5)   Evacuate Collection Set: 2.2ms
[2021-01-22T17:52:47.697+0600][4.263s] GC(5)   Post Evacuate Collection Set: 0.1ms
[2021-01-22T17:52:47.697+0600][4.263s] GC(5)   Other: 0.1ms
[2021-01-22T17:52:47.697+0600][4.263s] GC(5) Eden regions: 10->0(73)
[2021-01-22T17:52:47.697+0600][4.263s] GC(5) Survivor regions: 1->2(10)
[2021-01-22T17:52:47.697+0600][4.263s] GC(5) Old regions: 20->20
[2021-01-22T17:52:47.697+0600][4.263s] GC(5) Humongous regions: 4->4
[2021-01-22T17:52:47.697+0600][4.263s] GC(5) Metaspace: 34953K->34953K(1081344K)
[2021-01-22T17:52:47.697+0600][4.263s] GC(5) Pause Young (Concurrent Start) (Metadata GC Threshold) 33M->24M(512M) 2.592ms
[2021-01-22T17:52:47.697+0600][4.263s] GC(5) User=0.01s Sys=0.00s Real=0.00s
[2021-01-22T17:52:47.698+0600][4.263s] GC(6) Concurrent Cycle
[2021-01-22T17:52:47.698+0600][4.263s] GC(6) Concurrent Clear Claimed Marks
[2021-01-22T17:52:47.698+0600][4.263s] GC(6) Concurrent Clear Claimed Marks 0.024ms
[2021-01-22T17:52:47.698+0600][4.263s] GC(6) Concurrent Scan Root Regions
[2021-01-22T17:52:47.699+0600][4.264s] GC(6) Concurrent Scan Root Regions 1.489ms
[2021-01-22T17:52:47.699+0600][4.264s] GC(6) Concurrent Mark (4.264s)
[2021-01-22T17:52:47.699+0600][4.264s] GC(6) Concurrent Mark From Roots
[2021-01-22T17:52:47.699+0600][4.264s] GC(6) Using 1 workers of 1 for marking
[2021-01-22T17:52:47.734+0600][4.299s] GC(6) Concurrent Mark From Roots 34.579ms
[2021-01-22T17:52:47.734+0600][4.299s] GC(6) Concurrent Preclean
[2021-01-22T17:52:47.734+0600][4.299s] GC(6) Concurrent Preclean 0.110ms
[2021-01-22T17:52:47.734+0600][4.299s] GC(6) Concurrent Mark (4.264s, 4.299s) 34.757ms
[2021-01-22T17:52:47.734+0600][4.299s] GC(6) Pause Remark
[2021-01-22T17:52:47.737+0600][4.303s] GC(6) Cleaned string and symbol table, strings: 16213 processed, 26 removed, symbols: 114426 processed, 47 removed
[2021-01-22T17:52:47.738+0600][4.303s] GC(6) Pause Remark 27M->27M(512M) 3.629ms
[2021-01-22T17:52:47.738+0600][4.303s] GC(6) User=0.01s Sys=0.01s Real=0.00s
[2021-01-22T17:52:47.738+0600][4.303s] GC(6) Concurrent Rebuild Remembered Sets
[2021-01-22T17:52:47.764+0600][4.330s] GC(6) Concurrent Rebuild Remembered Sets 26.707ms
[2021-01-22T17:52:47.765+0600][4.330s] GC(6) Pause Cleanup
[2021-01-22T17:52:47.765+0600][4.330s] GC(6) Pause Cleanup 28M->28M(512M) 0.084ms
[2021-01-22T17:52:47.765+0600][4.330s] GC(6) User=0.01s Sys=0.00s Real=0.00s
[2021-01-22T17:52:47.765+0600][4.330s] GC(6) Concurrent Cleanup for Next Mark
[2021-01-22T17:52:47.766+0600][4.331s] GC(6) Concurrent Cleanup for Next Mark 1.027ms
[2021-01-22T17:52:47.766+0600][4.331s] GC(6) Concurrent Cycle 68.392ms
[2021-01-22T17:52:48.466+0600][5.032s] GC(7) Pause Young (Concurrent Start) (G1 Evacuation Pause)
[2021-01-22T17:52:48.466+0600][5.032s] GC(7) Using 4 workers of 4 for evacuation
[2021-01-22T17:52:48.476+0600][5.041s] GC(7)   Pre Evacuate Collection Set: 0.1ms
[2021-01-22T17:52:48.476+0600][5.041s] GC(7)   Evacuate Collection Set: 8.6ms
[2021-01-22T17:52:48.476+0600][5.041s] GC(7)   Post Evacuate Collection Set: 0.8ms
[2021-01-22T17:52:48.476+0600][5.041s] GC(7)   Other: 0.2ms
[2021-01-22T17:52:48.476+0600][5.041s] GC(7) Eden regions: 73->0(127)
[2021-01-22T17:52:48.476+0600][5.041s] GC(7) Survivor regions: 2->5(10)
[2021-01-22T17:52:48.476+0600][5.041s] GC(7) Old regions: 20->20
[2021-01-22T17:52:48.476+0600][5.041s] GC(7) Humongous regions: 4->4
[2021-01-22T17:52:48.476+0600][5.041s] GC(7) Metaspace: 41488K->41488K(1087488K)
[2021-01-22T17:52:48.476+0600][5.041s] GC(7) Pause Young (Concurrent Start) (G1 Evacuation Pause) 97M->28M(512M) 9.631ms
[2021-01-22T17:52:48.476+0600][5.041s] GC(7) User=0.03s Sys=0.00s Real=0.01s
[2021-01-22T17:52:48.476+0600][5.041s] GC(8) Concurrent Cycle
[2021-01-22T17:52:48.476+0600][5.041s] GC(8) Concurrent Clear Claimed Marks
[2021-01-22T17:52:48.476+0600][5.041s] GC(8) Concurrent Clear Claimed Marks 0.045ms
[2021-01-22T17:52:48.476+0600][5.041s] GC(8) Concurrent Scan Root Regions
[2021-01-22T17:52:48.482+0600][5.047s] GC(8) Concurrent Scan Root Regions 5.463ms
[2021-01-22T17:52:48.482+0600][5.047s] GC(8) Concurrent Mark (5.047s)
[2021-01-22T17:52:48.482+0600][5.047s] GC(8) Concurrent Mark From Roots
[2021-01-22T17:52:48.482+0600][5.047s] GC(8) Using 1 workers of 1 for marking
[2021-01-22T17:52:48.515+0600][5.081s] GC(8) Concurrent Mark From Roots 33.806ms
[2021-01-22T17:52:48.515+0600][5.081s] GC(8) Concurrent Preclean
[2021-01-22T17:52:48.516+0600][5.081s] GC(8) Concurrent Preclean 0.077ms
[2021-01-22T17:52:48.516+0600][5.081s] GC(8) Concurrent Mark (5.047s, 5.081s) 33.953ms
[2021-01-22T17:52:48.516+0600][5.081s] GC(8) Pause Remark
[2021-01-22T17:52:48.520+0600][5.086s] GC(8) Cleaned string and symbol table, strings: 18819 processed, 0 removed, symbols: 134040 processed, 71 removed
[2021-01-22T17:52:48.520+0600][5.086s] GC(8) Pause Remark 42M->42M(512M) 4.611ms
[2021-01-22T17:52:48.520+0600][5.086s] GC(8) User=0.02s Sys=0.00s Real=0.01s
[2021-01-22T17:52:48.520+0600][5.086s] GC(8) Concurrent Rebuild Remembered Sets
[2021-01-22T17:52:48.548+0600][5.113s] GC(8) Concurrent Rebuild Remembered Sets 27.158ms
[2021-01-22T17:52:48.548+0600][5.113s] GC(8) Pause Cleanup
[2021-01-22T17:52:48.548+0600][5.113s] GC(8) Pause Cleanup 43M->43M(512M) 0.086ms
[2021-01-22T17:52:48.548+0600][5.113s] GC(8) User=0.00s Sys=0.00s Real=0.00s
[2021-01-22T17:52:48.548+0600][5.113s] GC(8) Concurrent Cleanup for Next Mark
[2021-01-22T17:52:48.549+0600][5.114s] GC(8) Concurrent Cleanup for Next Mark 0.603ms
[2021-01-22T17:52:48.549+0600][5.114s] GC(8) Concurrent Cycle 72.580ms
[2021-01-22T17:52:48.924+0600][5.489s] GC(9) Pause Young (Normal) (G1 Evacuation Pause)
[2021-01-22T17:52:48.924+0600][5.489s] GC(9) Using 4 workers of 4 for evacuation
[2021-01-22T17:52:48.930+0600][5.495s] GC(9)   Pre Evacuate Collection Set: 0.0ms
[2021-01-22T17:52:48.930+0600][5.495s] GC(9)   Evacuate Collection Set: 5.5ms
[2021-01-22T17:52:48.930+0600][5.495s] GC(9)   Post Evacuate Collection Set: 0.2ms
[2021-01-22T17:52:48.930+0600][5.495s] GC(9)   Other: 0.1ms
[2021-01-22T17:52:48.930+0600][5.495s] GC(9) Eden regions: 125->0(172)
[2021-01-22T17:52:48.930+0600][5.495s] GC(9) Survivor regions: 5->7(17)
[2021-01-22T17:52:48.930+0600][5.495s] GC(9) Old regions: 20->20
[2021-01-22T17:52:48.930+0600][5.495s] GC(9) Humongous regions: 4->4
[2021-01-22T17:52:48.930+0600][5.495s] GC(9) Metaspace: 44222K->44222K(1089536K)
[2021-01-22T17:52:48.930+0600][5.495s] GC(9) Pause Young (Normal) (G1 Evacuation Pause) 153M->29M(512M) 5.977ms
[2021-01-22T17:52:48.930+0600][5.495s] GC(9) User=0.02s Sys=0.00s Real=0.01s
[2021-01-22T17:52:49.866+0600][6.431s] GC(10) Pause Young (Normal) (G1 Evacuation Pause)
[2021-01-22T17:52:49.866+0600][6.432s] GC(10) Using 4 workers of 4 for evacuation
[2021-01-22T17:52:49.875+0600][6.440s] GC(10)   Pre Evacuate Collection Set: 0.0ms
[2021-01-22T17:52:49.875+0600][6.440s] GC(10)   Evacuate Collection Set: 7.3ms
[2021-01-22T17:52:49.875+0600][6.440s] GC(10)   Post Evacuate Collection Set: 0.9ms
[2021-01-22T17:52:49.875+0600][6.440s] GC(10)   Other: 0.3ms
[2021-01-22T17:52:49.875+0600][6.440s] GC(10) Eden regions: 172->0(297)
[2021-01-22T17:52:49.875+0600][6.440s] GC(10) Survivor regions: 7->10(23)
[2021-01-22T17:52:49.875+0600][6.440s] GC(10) Old regions: 20->20
[2021-01-22T17:52:49.875+0600][6.440s] GC(10) Humongous regions: 5->4
[2021-01-22T17:52:49.875+0600][6.440s] GC(10) Metaspace: 50998K->50998K(1095680K)
[2021-01-22T17:52:49.875+0600][6.440s] GC(10) Pause Young (Normal) (G1 Evacuation Pause) 202M->33M(512M) 8.737ms
[2021-01-22T17:52:49.875+0600][6.440s] GC(10) User=0.03s Sys=0.00s Real=0.01s
[2021-01-24T19:35:54.201+0600][29839.419s] GC(11) Pause Young (Normal) (G1 Evacuation Pause)
[2021-01-24T19:35:54.224+0600][29839.441s] GC(11) Using 4 workers of 4 for evacuation
[2021-01-24T19:35:54.273+0600][29839.490s] GC(11)   Pre Evacuate Collection Set: 0.2ms
[2021-01-24T19:35:54.273+0600][29839.490s] GC(11)   Evacuate Collection Set: 46.6ms
[2021-01-24T19:35:54.273+0600][29839.490s] GC(11)   Post Evacuate Collection Set: 1.8ms
[2021-01-24T19:35:54.273+0600][29839.490s] GC(11)   Other: 22.7ms
[2021-01-24T19:35:54.273+0600][29839.490s] GC(11) Eden regions: 297->0(290)
[2021-01-24T19:35:54.273+0600][29839.490s] GC(11) Survivor regions: 10->17(39)
[2021-01-24T19:35:54.273+0600][29839.490s] GC(11) Old regions: 20->20
[2021-01-24T19:35:54.273+0600][29839.490s] GC(11) Humongous regions: 4->4
[2021-01-24T19:35:54.273+0600][29839.490s] GC(11) Metaspace: 56628K->56628K(1099776K)
[2021-01-24T19:35:54.273+0600][29839.490s] GC(11) Pause Young (Normal) (G1 Evacuation Pause) 330M->40M(512M) 71.422ms
[2021-01-24T19:35:54.273+0600][29839.490s] GC(11) User=0.06s Sys=0.09s Real=0.07s
[2021-01-24T20:08:05.769+0600][31770.939s] GC(12) Pause Young (Normal) (G1 Evacuation Pause)
[2021-01-24T20:08:05.769+0600][31770.940s] GC(12) Using 4 workers of 4 for evacuation
[2021-01-24T20:08:05.786+0600][31770.957s] GC(12)   Pre Evacuate Collection Set: 0.0ms
[2021-01-24T20:08:05.786+0600][31770.957s] GC(12)   Evacuate Collection Set: 16.0ms
[2021-01-24T20:08:05.786+0600][31770.957s] GC(12)   Post Evacuate Collection Set: 0.6ms
[2021-01-24T20:08:05.786+0600][31770.957s] GC(12)   Other: 0.8ms
[2021-01-24T20:08:05.786+0600][31770.957s] GC(12) Eden regions: 290->0(283)
[2021-01-24T20:08:05.786+0600][31770.957s] GC(12) Survivor regions: 17->24(39)
[2021-01-24T20:08:05.786+0600][31770.957s] GC(12) Old regions: 20->20
[2021-01-24T20:08:05.786+0600][31770.957s] GC(12) Humongous regions: 5->5
[2021-01-24T20:08:05.786+0600][31770.957s] GC(12) Metaspace: 57208K->57208K(1101824K)
[2021-01-24T20:08:05.786+0600][31770.957s] GC(12) Pause Young (Normal) (G1 Evacuation Pause) 331M->47M(512M) 17.650ms
[2021-01-24T20:08:05.786+0600][31770.957s] GC(12) User=0.05s Sys=0.01s Real=0.02s
[2021-01-24T21:49:00.924+0600][32720.760s] GC(13) Pause Young (Normal) (G1 Evacuation Pause)
[2021-01-24T21:49:00.928+0600][32720.765s] GC(13) Using 4 workers of 4 for evacuation
[2021-01-24T21:49:00.954+0600][32720.790s] GC(13)   Pre Evacuate Collection Set: 0.0ms
[2021-01-24T21:49:00.954+0600][32720.790s] GC(13)   Evacuate Collection Set: 23.9ms
[2021-01-24T21:49:00.954+0600][32720.790s] GC(13)   Post Evacuate Collection Set: 1.4ms
[2021-01-24T21:49:00.954+0600][32720.790s] GC(13)   Other: 5.0ms
[2021-01-24T21:49:00.954+0600][32720.790s] GC(13) Eden regions: 283->0(281)
[2021-01-24T21:49:00.954+0600][32720.790s] GC(13) Survivor regions: 24->26(39)
[2021-01-24T21:49:00.954+0600][32720.790s] GC(13) Old regions: 20->24
[2021-01-24T21:49:00.954+0600][32720.790s] GC(13) Humongous regions: 8->8
[2021-01-24T21:49:00.954+0600][32720.790s] GC(13) Metaspace: 65145K->65145K(1107968K)
[2021-01-24T21:49:00.954+0600][32720.790s] GC(13) Pause Young (Normal) (G1 Evacuation Pause) 333M->57M(512M) 30.402ms
[2021-01-24T21:49:00.954+0600][32720.790s] GC(13) User=0.08s Sys=0.00s Real=0.03s
