[2021-01-18T17:56:09.303+0600][0.012s] Heap region size: 1M
[2021-01-18T17:56:09.812+0600][0.522s] Using G1
[2021-01-18T17:56:09.812+0600][0.522s] Heap address: 0x00000007e0000000, size: 512 MB, Compressed Oops mode: Zero based, Oop shift amount: 3
[2021-01-18T17:56:11.421+0600][2.131s] GC(0) Pause Young (Normal) (G1 Evacuation Pause)
[2021-01-18T17:56:11.428+0600][2.137s] GC(0) Using 4 workers of 4 for evacuation
[2021-01-18T17:56:11.463+0600][2.172s] GC(0)   Pre Evacuate Collection Set: 0.0ms
[2021-01-18T17:56:11.463+0600][2.173s] GC(0)   Evacuate Collection Set: 20.4ms
[2021-01-18T17:56:11.463+0600][2.173s] GC(0)   Post Evacuate Collection Set: 0.7ms
[2021-01-18T17:56:11.463+0600][2.173s] GC(0)   Other: 26.7ms
[2021-01-18T17:56:11.463+0600][2.173s] GC(0) Eden regions: 25->0(304)
[2021-01-18T17:56:11.463+0600][2.173s] GC(0) Survivor regions: 0->3(4)
[2021-01-18T17:56:11.463+0600][2.173s] GC(0) Old regions: 0->0
[2021-01-18T17:56:11.463+0600][2.173s] GC(0) Humongous regions: 0->0
[2021-01-18T17:56:11.463+0600][2.173s] GC(0) Metaspace: 12062K->12062K(1060864K)
[2021-01-18T17:56:11.463+0600][2.173s] GC(0) Pause Young (Normal) (G1 Evacuation Pause) 25M->2M(512M) 42.369ms
[2021-01-18T17:56:11.463+0600][2.173s] GC(0) User=0.02s Sys=0.00s Real=0.04s
[2021-01-18T17:56:12.996+0600][3.706s] GC(1) Pause Young (Concurrent Start) (Metadata GC Threshold)
[2021-01-18T17:56:12.996+0600][3.706s] GC(1) Using 4 workers of 4 for evacuation
[2021-01-18T17:56:13.016+0600][3.725s] GC(1)   Pre Evacuate Collection Set: 0.0ms
[2021-01-18T17:56:13.016+0600][3.725s] GC(1)   Evacuate Collection Set: 15.6ms
[2021-01-18T17:56:13.016+0600][3.725s] GC(1)   Post Evacuate Collection Set: 3.4ms
[2021-01-18T17:56:13.016+0600][3.725s] GC(1)   Other: 0.6ms
[2021-01-18T17:56:13.016+0600][3.725s] GC(1) Eden regions: 45->0(50)
[2021-01-18T17:56:13.016+0600][3.725s] GC(1) Survivor regions: 3->12(37)
[2021-01-18T17:56:13.016+0600][3.725s] GC(1) Old regions: 0->0
[2021-01-18T17:56:13.016+0600][3.725s] GC(1) Humongous regions: 4->4
[2021-01-18T17:56:13.016+0600][3.725s] GC(1) Metaspace: 20578K->20578K(1069056K)
[2021-01-18T17:56:13.016+0600][3.725s] GC(1) Pause Young (Concurrent Start) (Metadata GC Threshold) 51M->15M(512M) 19.748ms
[2021-01-18T17:56:13.016+0600][3.725s] GC(1) User=0.04s Sys=0.01s Real=0.02s
[2021-01-18T17:56:13.016+0600][3.726s] GC(2) Concurrent Cycle
[2021-01-18T17:56:13.016+0600][3.726s] GC(2) Concurrent Clear Claimed Marks
[2021-01-18T17:56:13.016+0600][3.726s] GC(2) Concurrent Clear Claimed Marks 0.029ms
[2021-01-18T17:56:13.016+0600][3.726s] GC(2) Concurrent Scan Root Regions
[2021-01-18T17:56:13.024+0600][3.734s] GC(2) Concurrent Scan Root Regions 8.050ms
[2021-01-18T17:56:13.024+0600][3.734s] GC(2) Concurrent Mark (3.734s)
[2021-01-18T17:56:13.024+0600][3.734s] GC(2) Concurrent Mark From Roots
[2021-01-18T17:56:13.024+0600][3.734s] GC(2) Using 1 workers of 1 for marking
[2021-01-18T17:56:13.027+0600][3.737s] GC(2) Concurrent Mark From Roots 2.908ms
[2021-01-18T17:56:13.027+0600][3.737s] GC(2) Concurrent Preclean
[2021-01-18T17:56:13.027+0600][3.737s] GC(2) Concurrent Preclean 0.022ms
[2021-01-18T17:56:13.027+0600][3.737s] GC(2) Concurrent Mark (3.734s, 3.737s) 2.992ms
[2021-01-18T17:56:13.027+0600][3.737s] GC(2) Pause Remark
[2021-01-18T17:56:13.029+0600][3.739s] GC(2) Cleaned string and symbol table, strings: 10078 processed, 0 removed, symbols: 67561 processed, 16 removed
[2021-01-18T17:56:13.029+0600][3.739s] GC(2) Pause Remark 16M->16M(512M) 1.698ms
[2021-01-18T17:56:13.029+0600][3.739s] GC(2) User=0.00s Sys=0.00s Real=0.00s
[2021-01-18T17:56:13.029+0600][3.739s] GC(2) Concurrent Rebuild Remembered Sets
[2021-01-18T17:56:13.032+0600][3.742s] GC(2) Concurrent Rebuild Remembered Sets 2.892ms
[2021-01-18T17:56:13.032+0600][3.742s] GC(2) Pause Cleanup
[2021-01-18T17:56:13.032+0600][3.742s] GC(2) Pause Cleanup 16M->16M(512M) 0.074ms
[2021-01-18T17:56:13.032+0600][3.742s] GC(2) User=0.00s Sys=0.00s Real=0.00s
[2021-01-18T17:56:13.032+0600][3.742s] GC(2) Concurrent Cleanup for Next Mark
[2021-01-18T17:56:13.033+0600][3.743s] GC(2) Concurrent Cleanup for Next Mark 1.137ms
[2021-01-18T17:56:13.034+0600][3.743s] GC(2) Concurrent Cycle 17.640ms
[2021-01-18T17:56:14.246+0600][4.956s] GC(3) Pause Young (Normal) (G1 Evacuation Pause)
[2021-01-18T17:56:14.246+0600][4.956s] GC(3) Using 4 workers of 4 for evacuation
[2021-01-18T17:56:14.266+0600][4.976s] GC(3)   Pre Evacuate Collection Set: 0.0ms
[2021-01-18T17:56:14.266+0600][4.976s] GC(3)   Evacuate Collection Set: 19.5ms
[2021-01-18T17:56:14.267+0600][4.976s] GC(3)   Post Evacuate Collection Set: 0.7ms
[2021-01-18T17:56:14.267+0600][4.976s] GC(3)   Other: 0.3ms
[2021-01-18T17:56:14.267+0600][4.976s] GC(3) Eden regions: 46->0(53)
[2021-01-18T17:56:14.267+0600][4.976s] GC(3) Survivor regions: 12->8(8)
[2021-01-18T17:56:14.267+0600][4.976s] GC(3) Old regions: 0->12
[2021-01-18T17:56:14.267+0600][4.976s] GC(3) Humongous regions: 4->4
[2021-01-18T17:56:14.267+0600][4.976s] GC(3) Metaspace: 27359K->27359K(1075200K)
[2021-01-18T17:56:14.267+0600][4.976s] GC(3) Pause Young (Normal) (G1 Evacuation Pause) 61M->23M(512M) 20.685ms
[2021-01-18T17:56:14.267+0600][4.976s] GC(3) User=0.05s Sys=0.01s Real=0.02s
[2021-01-18T17:56:15.532+0600][6.241s] GC(4) Pause Young (Normal) (G1 Evacuation Pause)
[2021-01-18T17:56:15.532+0600][6.241s] GC(4) Using 4 workers of 4 for evacuation
[2021-01-18T17:56:15.536+0600][6.246s] GC(4)   Pre Evacuate Collection Set: 0.0ms
[2021-01-18T17:56:15.536+0600][6.246s] GC(4)   Evacuate Collection Set: 4.5ms
[2021-01-18T17:56:15.536+0600][6.246s] GC(4)   Post Evacuate Collection Set: 0.2ms
[2021-01-18T17:56:15.537+0600][6.246s] GC(4)   Other: 0.1ms
[2021-01-18T17:56:15.537+0600][6.246s] GC(4) Eden regions: 53->0(76)
[2021-01-18T17:56:15.537+0600][6.246s] GC(4) Survivor regions: 8->2(8)
[2021-01-18T17:56:15.537+0600][6.246s] GC(4) Old regions: 12->20
[2021-01-18T17:56:15.537+0600][6.246s] GC(4) Humongous regions: 4->4
[2021-01-18T17:56:15.537+0600][6.246s] GC(4) Metaspace: 32388K->32388K(1079296K)
[2021-01-18T17:56:15.537+0600][6.246s] GC(4) Pause Young (Normal) (G1 Evacuation Pause) 76M->24M(512M) 5.129ms
[2021-01-18T17:56:15.537+0600][6.246s] GC(4) User=0.01s Sys=0.01s Real=0.00s
[2021-01-18T17:56:15.940+0600][6.649s] GC(5) Pause Young (Concurrent Start) (Metadata GC Threshold)
[2021-01-18T17:56:15.940+0600][6.649s] GC(5) Using 4 workers of 4 for evacuation
[2021-01-18T17:56:15.944+0600][6.653s] GC(5)   Pre Evacuate Collection Set: 0.1ms
[2021-01-18T17:56:15.944+0600][6.653s] GC(5)   Evacuate Collection Set: 3.5ms
[2021-01-18T17:56:15.944+0600][6.653s] GC(5)   Post Evacuate Collection Set: 0.2ms
[2021-01-18T17:56:15.944+0600][6.653s] GC(5)   Other: 0.2ms
[2021-01-18T17:56:15.944+0600][6.653s] GC(5) Eden regions: 10->0(102)
[2021-01-18T17:56:15.944+0600][6.653s] GC(5) Survivor regions: 2->2(10)
[2021-01-18T17:56:15.944+0600][6.653s] GC(5) Old regions: 20->20
[2021-01-18T17:56:15.944+0600][6.653s] GC(5) Humongous regions: 4->4
[2021-01-18T17:56:15.944+0600][6.653s] GC(5) Metaspace: 34889K->34889K(1081344K)
[2021-01-18T17:56:15.944+0600][6.653s] GC(5) Pause Young (Concurrent Start) (Metadata GC Threshold) 34M->24M(512M) 4.027ms
[2021-01-18T17:56:15.944+0600][6.653s] GC(5) User=0.01s Sys=0.00s Real=0.00s
[2021-01-18T17:56:15.944+0600][6.653s] GC(6) Concurrent Cycle
[2021-01-18T17:56:15.944+0600][6.653s] GC(6) Concurrent Clear Claimed Marks
[2021-01-18T17:56:15.944+0600][6.653s] GC(6) Concurrent Clear Claimed Marks 0.034ms
[2021-01-18T17:56:15.944+0600][6.653s] GC(6) Concurrent Scan Root Regions
[2021-01-18T17:56:15.947+0600][6.656s] GC(6) Concurrent Scan Root Regions 2.680ms
[2021-01-18T17:56:15.947+0600][6.656s] GC(6) Concurrent Mark (6.656s)
[2021-01-18T17:56:15.947+0600][6.656s] GC(6) Concurrent Mark From Roots
[2021-01-18T17:56:15.947+0600][6.656s] GC(6) Using 1 workers of 1 for marking
[2021-01-18T17:56:15.985+0600][6.694s] GC(6) Concurrent Mark From Roots 38.016ms
[2021-01-18T17:56:15.985+0600][6.694s] GC(6) Concurrent Preclean
[2021-01-18T17:56:15.985+0600][6.695s] GC(6) Concurrent Preclean 0.093ms
[2021-01-18T17:56:15.985+0600][6.695s] GC(6) Concurrent Mark (6.656s, 6.695s) 38.189ms
[2021-01-18T17:56:15.985+0600][6.695s] GC(6) Pause Remark
[2021-01-18T17:56:15.988+0600][6.698s] GC(6) Cleaned string and symbol table, strings: 16122 processed, 26 removed, symbols: 114189 processed, 45 removed
[2021-01-18T17:56:15.988+0600][6.698s] GC(6) Pause Remark 27M->27M(512M) 3.393ms
[2021-01-18T17:56:15.988+0600][6.698s] GC(6) User=0.01s Sys=0.00s Real=0.00s
[2021-01-18T17:56:15.989+0600][6.698s] GC(6) Concurrent Rebuild Remembered Sets
[2021-01-18T17:56:16.008+0600][6.718s] GC(6) Concurrent Rebuild Remembered Sets 19.793ms
[2021-01-18T17:56:16.009+0600][6.718s] GC(6) Pause Cleanup
[2021-01-18T17:56:16.009+0600][6.718s] GC(6) Pause Cleanup 28M->28M(512M) 0.091ms
[2021-01-18T17:56:16.009+0600][6.718s] GC(6) User=0.00s Sys=0.00s Real=0.00s
[2021-01-18T17:56:16.009+0600][6.718s] GC(6) Concurrent Cleanup for Next Mark
[2021-01-18T17:56:16.011+0600][6.720s] GC(6) Concurrent Cleanup for Next Mark 1.735ms
[2021-01-18T17:56:16.011+0600][6.720s] GC(6) Concurrent Cycle 66.920ms
[2021-01-18T18:00:13.849+0600][244.554s] GC(7) Pause Young (Concurrent Start) (G1 Evacuation Pause)
[2021-01-18T18:00:13.849+0600][244.555s] GC(7) Using 4 workers of 4 for evacuation
[2021-01-18T18:00:13.862+0600][244.567s] GC(7)   Pre Evacuate Collection Set: 0.1ms
[2021-01-18T18:00:13.862+0600][244.567s] GC(7)   Evacuate Collection Set: 11.5ms
[2021-01-18T18:00:13.862+0600][244.567s] GC(7)   Post Evacuate Collection Set: 0.8ms
[2021-01-18T18:00:13.862+0600][244.567s] GC(7)   Other: 0.5ms
[2021-01-18T18:00:13.862+0600][244.567s] GC(7) Eden regions: 102->0(173)
[2021-01-18T18:00:13.862+0600][244.567s] GC(7) Survivor regions: 2->8(13)
[2021-01-18T18:00:13.862+0600][244.567s] GC(7) Old regions: 20->20
[2021-01-18T18:00:13.862+0600][244.567s] GC(7) Humongous regions: 4->4
[2021-01-18T18:00:13.862+0600][244.567s] GC(7) Metaspace: 44342K->44342K(1089536K)
[2021-01-18T18:00:13.862+0600][244.567s] GC(7) Pause Young (Concurrent Start) (G1 Evacuation Pause) 126M->31M(512M) 13.089ms
[2021-01-18T18:00:13.862+0600][244.567s] GC(7) User=0.02s Sys=0.01s Real=0.02s
[2021-01-18T18:00:13.862+0600][244.567s] GC(8) Concurrent Cycle
[2021-01-18T18:00:13.862+0600][244.567s] GC(8) Concurrent Clear Claimed Marks
[2021-01-18T18:00:13.862+0600][244.568s] GC(8) Concurrent Clear Claimed Marks 0.063ms
[2021-01-18T18:00:13.862+0600][244.568s] GC(8) Concurrent Scan Root Regions
[2021-01-18T18:00:13.870+0600][244.575s] GC(8) Concurrent Scan Root Regions 7.604ms
[2021-01-18T18:00:13.870+0600][244.575s] GC(8) Concurrent Mark (244.575s)
[2021-01-18T18:00:13.870+0600][244.575s] GC(8) Concurrent Mark From Roots
[2021-01-18T18:00:13.870+0600][244.575s] GC(8) Using 1 workers of 1 for marking
[2021-01-18T18:00:13.967+0600][244.673s] GC(8) Concurrent Mark From Roots 97.436ms
[2021-01-18T18:00:13.967+0600][244.673s] GC(8) Concurrent Preclean
[2021-01-18T18:00:13.967+0600][244.673s] GC(8) Concurrent Preclean 0.102ms
[2021-01-18T18:00:13.967+0600][244.673s] GC(8) Concurrent Mark (244.575s, 244.673s) 97.635ms
[2021-01-18T18:00:13.967+0600][244.673s] GC(8) Pause Remark
[2021-01-18T18:00:13.974+0600][244.680s] GC(8) Cleaned string and symbol table, strings: 20229 processed, 0 removed, symbols: 137886 processed, 68 removed
[2021-01-18T18:00:13.975+0600][244.680s] GC(8) Pause Remark 34M->34M(512M) 7.458ms
[2021-01-18T18:00:13.975+0600][244.680s] GC(8) User=0.02s Sys=0.00s Real=0.01s
[2021-01-18T18:00:13.975+0600][244.681s] GC(8) Concurrent Rebuild Remembered Sets
[2021-01-18T18:00:14.000+0600][244.705s] GC(8) Concurrent Rebuild Remembered Sets 24.926ms
[2021-01-18T18:00:14.000+0600][244.706s] GC(8) Pause Cleanup
[2021-01-18T18:00:14.000+0600][244.706s] GC(8) Pause Cleanup 41M->41M(512M) 0.097ms
[2021-01-18T18:00:14.000+0600][244.706s] GC(8) User=0.00s Sys=0.00s Real=0.00s
[2021-01-18T18:00:14.000+0600][244.706s] GC(8) Concurrent Cleanup for Next Mark
[2021-01-18T18:00:14.001+0600][244.707s] GC(8) Concurrent Cleanup for Next Mark 0.808ms
[2021-01-18T18:00:14.001+0600][244.707s] GC(8) Concurrent Cycle 139.168ms
[2021-01-18T18:00:14.741+0600][245.447s] GC(9) Pause Young (Normal) (G1 Evacuation Pause)
[2021-01-18T18:00:14.741+0600][245.447s] GC(9) Using 4 workers of 4 for evacuation
[2021-01-18T18:00:14.765+0600][245.471s] GC(9)   Pre Evacuate Collection Set: 0.0ms
[2021-01-18T18:00:14.765+0600][245.471s] GC(9)   Evacuate Collection Set: 23.5ms
[2021-01-18T18:00:14.765+0600][245.471s] GC(9)   Post Evacuate Collection Set: 0.4ms
[2021-01-18T18:00:14.765+0600][245.471s] GC(9)   Other: 0.2ms
[2021-01-18T18:00:14.765+0600][245.471s] GC(9) Eden regions: 180->0(229)
[2021-01-18T18:00:14.765+0600][245.471s] GC(9) Survivor regions: 8->11(24)
[2021-01-18T18:00:14.765+0600][245.471s] GC(9) Old regions: 20->20
[2021-01-18T18:00:14.765+0600][245.471s] GC(9) Humongous regions: 5->4
[2021-01-18T18:00:14.765+0600][245.471s] GC(9) Metaspace: 47309K->47309K(1091584K)
[2021-01-18T18:00:14.765+0600][245.471s] GC(9) Pause Young (Normal) (G1 Evacuation Pause) 212M->33M(512M) 24.248ms
[2021-01-18T18:00:14.765+0600][245.471s] GC(9) User=0.03s Sys=0.01s Real=0.02s
[2021-01-18T20:31:21.629+0600][9312.181s] GC(10) Pause Young (Normal) (G1 Evacuation Pause)
[2021-01-18T20:31:21.631+0600][9312.183s] GC(10) Using 4 workers of 4 for evacuation
[2021-01-18T20:31:21.698+0600][9312.250s] GC(10)   Pre Evacuate Collection Set: 0.3ms
[2021-01-18T20:31:21.698+0600][9312.250s] GC(10)   Evacuate Collection Set: 63.1ms
[2021-01-18T20:31:21.698+0600][9312.250s] GC(10)   Post Evacuate Collection Set: 3.5ms
[2021-01-18T20:31:21.698+0600][9312.251s] GC(10)   Other: 2.2ms
[2021-01-18T20:31:21.699+0600][9312.251s] GC(10) Eden regions: 229->0(291)
[2021-01-18T20:31:21.699+0600][9312.251s] GC(10) Survivor regions: 11->16(30)
[2021-01-18T20:31:21.699+0600][9312.251s] GC(10) Old regions: 20->20
[2021-01-18T20:31:21.699+0600][9312.251s] GC(10) Humongous regions: 4->4
[2021-01-18T20:31:21.699+0600][9312.251s] GC(10) Metaspace: 57098K->57098K(1101824K)
[2021-01-18T20:31:21.699+0600][9312.251s] GC(10) Pause Young (Normal) (G1 Evacuation Pause) 262M->39M(512M) 69.487ms
[2021-01-18T20:31:21.699+0600][9312.251s] GC(10) User=0.06s Sys=0.10s Real=0.07s
[2021-01-19T04:48:39.568+0600][39148.600s] GC(11) Pause Young (Normal) (G1 Evacuation Pause)
[2021-01-19T04:48:39.571+0600][39148.602s] GC(11) Using 4 workers of 4 for evacuation
[2021-01-19T04:48:39.610+0600][39148.642s] GC(11)   Pre Evacuate Collection Set: 0.3ms
[2021-01-19T04:48:39.610+0600][39148.642s] GC(11)   Evacuate Collection Set: 38.2ms
[2021-01-19T04:48:39.610+0600][39148.642s] GC(11)   Post Evacuate Collection Set: 1.1ms
[2021-01-19T04:48:39.610+0600][39148.642s] GC(11)   Other: 2.5ms
[2021-01-19T04:48:39.610+0600][39148.642s] GC(11) Eden regions: 291->0(292)
[2021-01-19T04:48:39.610+0600][39148.642s] GC(11) Survivor regions: 16->15(39)
[2021-01-19T04:48:39.611+0600][39148.642s] GC(11) Old regions: 20->20
[2021-01-19T04:48:39.611+0600][39148.642s] GC(11) Humongous regions: 4->4
[2021-01-19T04:48:39.611+0600][39148.642s] GC(11) Metaspace: 57321K->57321K(1101824K)
[2021-01-19T04:48:39.611+0600][39148.642s] GC(11) Pause Young (Normal) (G1 Evacuation Pause) 330M->37M(512M) 42.123ms
[2021-01-19T04:48:39.611+0600][39148.642s] GC(11) User=0.06s Sys=0.06s Real=0.05s
[2021-01-19T21:14:44.623+0600][68553.552s] GC(12) Pause Young (Normal) (G1 Evacuation Pause)
[2021-01-19T21:14:44.630+0600][68553.560s] GC(12) Using 4 workers of 4 for evacuation
[2021-01-19T21:14:44.799+0600][68553.728s] GC(12)   Pre Evacuate Collection Set: 5.4ms
[2021-01-19T21:14:44.799+0600][68553.728s] GC(12)   Evacuate Collection Set: 157.5ms
[2021-01-19T21:14:44.799+0600][68553.728s] GC(12)   Post Evacuate Collection Set: 3.3ms
[2021-01-19T21:14:44.799+0600][68553.728s] GC(12)   Other: 10.2ms
[2021-01-19T21:14:44.799+0600][68553.728s] GC(12) Eden regions: 292->0(292)
[2021-01-19T21:14:44.799+0600][68553.728s] GC(12) Survivor regions: 15->15(39)
[2021-01-19T21:14:44.799+0600][68553.729s] GC(12) Old regions: 20->20
[2021-01-19T21:14:44.799+0600][68553.729s] GC(12) Humongous regions: 4->4
[2021-01-19T21:14:44.799+0600][68553.729s] GC(12) Metaspace: 57324K->57324K(1101824K)
[2021-01-19T21:14:44.799+0600][68553.729s] GC(12) Pause Young (Normal) (G1 Evacuation Pause) 329M->37M(512M) 176.503ms
[2021-01-19T21:14:44.799+0600][68553.729s] GC(12) User=0.08s Sys=0.19s Real=0.17s
[2021-01-20T07:03:13.814+0600][98629.350s] GC(13) Pause Young (Normal) (G1 Evacuation Pause)
[2021-01-20T07:03:13.816+0600][98629.353s] GC(13) Using 4 workers of 4 for evacuation
[2021-01-20T07:03:13.884+0600][98629.421s] GC(13)   Pre Evacuate Collection Set: 0.2ms
[2021-01-20T07:03:13.884+0600][98629.421s] GC(13)   Evacuate Collection Set: 63.3ms
[2021-01-20T07:03:13.884+0600][98629.421s] GC(13)   Post Evacuate Collection Set: 3.8ms
[2021-01-20T07:03:13.884+0600][98629.421s] GC(13)   Other: 3.2ms
[2021-01-20T07:03:13.884+0600][98629.421s] GC(13) Eden regions: 292->0(292)
[2021-01-20T07:03:13.884+0600][98629.421s] GC(13) Survivor regions: 15->15(39)
[2021-01-20T07:03:13.884+0600][98629.421s] GC(13) Old regions: 20->20
[2021-01-20T07:03:13.884+0600][98629.421s] GC(13) Humongous regions: 4->4
[2021-01-20T07:03:13.884+0600][98629.421s] GC(13) Metaspace: 57435K->57435K(1101824K)
[2021-01-20T07:03:13.884+0600][98629.421s] GC(13) Pause Young (Normal) (G1 Evacuation Pause) 329M->38M(512M) 70.616ms
[2021-01-20T07:03:13.884+0600][98629.421s] GC(13) User=0.06s Sys=0.11s Real=0.07s
[2021-01-20T20:23:17.070+0600][127359.409s] Heap
[2021-01-20T20:23:17.070+0600][127359.410s]  garbage-first heap   total 524288K, used 274812K [0x00000007e0000000, 0x0000000800000000)
[2021-01-20T20:23:17.071+0600][127359.410s]   region size 1024K, 246 young (251904K), 15 survivors (15360K)
[2021-01-20T20:23:17.071+0600][127359.410s]  Metaspace       used 57716K, capacity 58844K, committed 59084K, reserved 1101824K
[2021-01-20T20:23:17.071+0600][127359.410s]   class space    used 6440K, capacity 6909K, committed 6912K, reserved 1048576K
